Archive member included to satisfy reference by file (symbol)

c:/program files (x86)/atmel/studio/7.0/toolchain/avr8/avr8-gnu-toolchain/bin/../lib/gcc/avr/5.4.0/../../../../avr/lib/avr51\libm.a(addsf3.o)
                              HAL/SRC/LCD4bit.o (__subsf3)
c:/program files (x86)/atmel/studio/7.0/toolchain/avr8/avr8-gnu-toolchain/bin/../lib/gcc/avr/5.4.0/../../../../avr/lib/avr51\libm.a(addsf3x.o)
                              c:/program files (x86)/atmel/studio/7.0/toolchain/avr8/avr8-gnu-toolchain/bin/../lib/gcc/avr/5.4.0/../../../../avr/lib/avr51\libm.a(addsf3.o) (__addsf3x)
c:/program files (x86)/atmel/studio/7.0/toolchain/avr8/avr8-gnu-toolchain/bin/../lib/gcc/avr/5.4.0/../../../../avr/lib/avr51\libm.a(cmpsf2.o)
                              HAL/SRC/LCD4bit.o (__nesf2)
c:/program files (x86)/atmel/studio/7.0/toolchain/avr8/avr8-gnu-toolchain/bin/../lib/gcc/avr/5.4.0/../../../../avr/lib/avr51\libm.a(divsf3.o)
                              HAL/SRC/LDR.o (__divsf3)
c:/program files (x86)/atmel/studio/7.0/toolchain/avr8/avr8-gnu-toolchain/bin/../lib/gcc/avr/5.4.0/../../../../avr/lib/avr51\libm.a(divsf3x.o)
                              c:/program files (x86)/atmel/studio/7.0/toolchain/avr8/avr8-gnu-toolchain/bin/../lib/gcc/avr/5.4.0/../../../../avr/lib/avr51\libm.a(divsf3.o) (__divsf3x)
c:/program files (x86)/atmel/studio/7.0/toolchain/avr8/avr8-gnu-toolchain/bin/../lib/gcc/avr/5.4.0/../../../../avr/lib/avr51\libm.a(fixsfsi.o)
                              HAL/SRC/LCD4bit.o (__fixsfsi)
c:/program files (x86)/atmel/studio/7.0/toolchain/avr8/avr8-gnu-toolchain/bin/../lib/gcc/avr/5.4.0/../../../../avr/lib/avr51\libm.a(fixunssfsi.o)
                              HAL/SRC/LDR.o (__fixunssfsi)
c:/program files (x86)/atmel/studio/7.0/toolchain/avr8/avr8-gnu-toolchain/bin/../lib/gcc/avr/5.4.0/../../../../avr/lib/avr51\libm.a(floatsisf.o)
                              HAL/SRC/LDR.o (__floatunsisf)
c:/program files (x86)/atmel/studio/7.0/toolchain/avr8/avr8-gnu-toolchain/bin/../lib/gcc/avr/5.4.0/../../../../avr/lib/avr51\libm.a(fp_cmp.o)
                              c:/program files (x86)/atmel/studio/7.0/toolchain/avr8/avr8-gnu-toolchain/bin/../lib/gcc/avr/5.4.0/../../../../avr/lib/avr51\libm.a(cmpsf2.o) (__fp_cmp)
c:/program files (x86)/atmel/studio/7.0/toolchain/avr8/avr8-gnu-toolchain/bin/../lib/gcc/avr/5.4.0/../../../../avr/lib/avr51\libm.a(fp_inf.o)
                              c:/program files (x86)/atmel/studio/7.0/toolchain/avr8/avr8-gnu-toolchain/bin/../lib/gcc/avr/5.4.0/../../../../avr/lib/avr51\libm.a(addsf3x.o) (__fp_inf)
c:/program files (x86)/atmel/studio/7.0/toolchain/avr8/avr8-gnu-toolchain/bin/../lib/gcc/avr/5.4.0/../../../../avr/lib/avr51\libm.a(fp_nan.o)
                              c:/program files (x86)/atmel/studio/7.0/toolchain/avr8/avr8-gnu-toolchain/bin/../lib/gcc/avr/5.4.0/../../../../avr/lib/avr51\libm.a(addsf3x.o) (__fp_nan)
c:/program files (x86)/atmel/studio/7.0/toolchain/avr8/avr8-gnu-toolchain/bin/../lib/gcc/avr/5.4.0/../../../../avr/lib/avr51\libm.a(fp_pscA.o)
                              c:/program files (x86)/atmel/studio/7.0/toolchain/avr8/avr8-gnu-toolchain/bin/../lib/gcc/avr/5.4.0/../../../../avr/lib/avr51\libm.a(addsf3x.o) (__fp_pscA)
c:/program files (x86)/atmel/studio/7.0/toolchain/avr8/avr8-gnu-toolchain/bin/../lib/gcc/avr/5.4.0/../../../../avr/lib/avr51\libm.a(fp_pscB.o)
                              c:/program files (x86)/atmel/studio/7.0/toolchain/avr8/avr8-gnu-toolchain/bin/../lib/gcc/avr/5.4.0/../../../../avr/lib/avr51\libm.a(addsf3x.o) (__fp_pscB)
c:/program files (x86)/atmel/studio/7.0/toolchain/avr8/avr8-gnu-toolchain/bin/../lib/gcc/avr/5.4.0/../../../../avr/lib/avr51\libm.a(fp_round.o)
                              c:/program files (x86)/atmel/studio/7.0/toolchain/avr8/avr8-gnu-toolchain/bin/../lib/gcc/avr/5.4.0/../../../../avr/lib/avr51\libm.a(addsf3.o) (__fp_round)
c:/program files (x86)/atmel/studio/7.0/toolchain/avr8/avr8-gnu-toolchain/bin/../lib/gcc/avr/5.4.0/../../../../avr/lib/avr51\libm.a(fp_split3.o)
                              c:/program files (x86)/atmel/studio/7.0/toolchain/avr8/avr8-gnu-toolchain/bin/../lib/gcc/avr/5.4.0/../../../../avr/lib/avr51\libm.a(addsf3x.o) (__fp_split3)
c:/program files (x86)/atmel/studio/7.0/toolchain/avr8/avr8-gnu-toolchain/bin/../lib/gcc/avr/5.4.0/../../../../avr/lib/avr51\libm.a(fp_zero.o)
                              c:/program files (x86)/atmel/studio/7.0/toolchain/avr8/avr8-gnu-toolchain/bin/../lib/gcc/avr/5.4.0/../../../../avr/lib/avr51\libm.a(addsf3x.o) (__fp_zero)
c:/program files (x86)/atmel/studio/7.0/toolchain/avr8/avr8-gnu-toolchain/bin/../lib/gcc/avr/5.4.0/../../../../avr/lib/avr51\libm.a(mulsf3.o)
                              HAL/SRC/LCD4bit.o (__mulsf3)
c:/program files (x86)/atmel/studio/7.0/toolchain/avr8/avr8-gnu-toolchain/bin/../lib/gcc/avr/5.4.0/../../../../avr/lib/avr51\libm.a(mulsf3x.o)
[...]
Memory Configuration

Name             Origin             Length             Attributes
text             0x00000000         0x00020000         xr
data             0x00800100         0x0000ff00         rw !x
eeprom           0x00810000         0x00010000         rw !x
fuse             0x00820000         0x00000003         rw !x
lock             0x00830000         0x00000400         rw !x
signature        0x00840000         0x00000400         rw !x
user_signatures  0x00850000         0x00000400         rw !x
*default*        0x00000000         0xffffffff

Linker script and memory map

Address of section .data set to 0x800100
LOAD C:/Program Files (x86)/Atmel/Studio/7.0/Packs/atmel/ATmega_DFP/1.3.300/gcc/dev/atmega128/avr51/crtatmega128.o
LOAD APP/SRC/App.o
LOAD APP/SRC/T_Connect.o
LOAD APP/SRC/T_Control.o
LOAD APP/SRC/T_Monitor.o
LOAD APP/SRC/T_RespHandle.o
LOAD APP/SRC/T_Self_Control.o
LOAD HAL/SRC/DHT11.o
LOAD HAL/SRC/Dim_LED.o
LOAD HAL/SRC/LCD4bit.o
LOAD HAL/SRC/Board.o
LOAD HAL/SRC/LDR.o
LOAD HAL/SRC/SOIL_MOISTURE.o
LOAD HAL/SRC/Wifi.o
LOAD MCAL/SRC/ADC.o
LOAD MCAL/SRC/EXT_INTERRUPT.o
LOAD MCAL/SRC/timer.o
LOAD MCAL/SRC/timer3.o
LOAD MCAL/SRC/UART.o
LOAD Service/MQTT/SRC/MQTT.o
LOAD Service/RTOS/SRC/croutine.o
LOAD Service/RTOS/SRC/event_groups.o
LOAD Service/RTOS/SRC/heap_1.o
LOAD Service/RTOS/SRC/integer.o
LOAD Service/RTOS/SRC/list.o
LOAD Service/RTOS/SRC/PollQ.o
LOAD Service/RTOS/SRC/port.o
LOAD Service/RTOS/SRC/queue.o
LOAD Service/RTOS/SRC/tasks.o
START GROUP
LOAD c:/program files (x86)/atmel/studio/7.0/toolchain/avr8/avr8-gnu-toolchain/bin/../lib/gcc/avr/5.4.0/../../../../avr/lib/avr51\libm.a
END GROUP
START GROUP
LOAD c:/program files (x86)/atmel/studio/7.0/toolchain/avr8/avr8-gnu-toolchain/bin/../lib/gcc/avr/5.4.0/avr51\libgcc.a
LOAD c:/program files (x86)/atmel/studio/7.0/toolchain/avr8/avr8-gnu-toolchain/bin/../lib/gcc/avr/5.4.0/../../../../avr/lib/avr51\libm.a
LOAD c:/program files (x86)/atmel/studio/7.0/toolchain/avr8/avr8-gnu-toolchain/bin/../lib/gcc/avr/5.4.0/../../../../avr/lib/avr51\libc.a
LOAD C:/Program Files (x86)/Atmel/Studio/7.0/Packs/atmel/ATmega_DFP/1.3.300/gcc/dev/atmega128/avr51\libatmega128.a
END GROUP
                0x00000000                __TEXT_REGION_ORIGIN__ = DEFINED (__TEXT_REGION_ORIGIN__)?__TEXT_REGION_ORIGIN__:0x0
                0x00800100                __DATA_REGION_ORIGIN__ = DEFINED (__DATA_REGION_ORIGIN__)?__DATA_REGION_ORIGIN__:0x800100
                0x00020000                __TEXT_REGION_LENGTH__ = DEFINED (__TEXT_REGION_LENGTH__)?__TEXT_REGION_LENGTH__:0x20000
                0x0000ff00                __DATA_REGION_LENGTH__ = DEFINED (__DATA_REGION_LENGTH__)?__DATA_REGION_LENGTH__:0xff00
                0x00010000                __EEPROM_REGION_LENGTH__ = DEFINED (__EEPROM_REGION_LENGTH__)?__EEPROM_REGION_LENGTH__:0x10000
                [0x00000003]                __FUSE_REGION_LENGTH__ = DEFINED (__FUSE_REGION_LENGTH__)?__FUSE_REGION_LENGTH__:0x400
                0x00000400                __LOCK_REGION_LENGTH__ = DEFINED (__LOCK_REGION_LENGTH__)?__LOCK_REGION_LENGTH__:0x400
                0x00000400                __SIGNATURE_REGION_LENGTH__ = DEFINED (__SIGNATURE_REGION_LENGTH__)?__SIGNATURE_REGION_LENGTH__:0x400
                0x00000400                __USER_SIGNATURE_REGION_LENGTH__ = DEFINED (__USER_SIGNATURE_REGION_LENGTH__)?__USER_SIGNATURE_REGION_LENGTH__:0x400

.hash
 *(.hash)

.dynsym
 *(.dynsym)

.dynstr
 *(.dynstr)

.gnu.version
 *(.gnu.version)

.gnu.version_d
 *(.gnu.version_d)

.gnu.version_r
 *(.gnu.version_r)

.rel.init
 *(.rel.init)

.rela.init
 *(.rela.init)

.rel.text
 *(.rel.text)
 *(.rel.text.*)
 *(.rel.gnu.linkonce.t*)

.rela.text
 *(.rela.text)
 *(.rela.text.*)
 *(.rela.gnu.linkonce.t*)

.rel.fini
 *(.rel.fini)

.rela.fini
 *(.rela.fini)

.rel.rodata
 *(.rel.rodata)
 *(.rel.rodata.*)
 *(.rel.gnu.linkonce.r*)

.rela.rodata
 *(.rela.rodata)
 *(.rela.rodata.*)
 *(.rela.gnu.linkonce.r*)

.rel.data
 *(.rel.data)
 *(.rel.data.*)
 *(.rel.gnu.linkonce.d*)

.rela.data
 *(.rela.data)
 *(.rela.data.*)
 *(.rela.gnu.linkonce.d*)

.rel.ctors
 *(.rel.ctors)

.rela.ctors
 *(.rela.ctors)

.rel.dtors
 *(.rel.dtors)

.rela.dtors
 *(.rela.dtors)

.rel.got
 *(.rel.got)

.rela.got
 *(.rela.got)

.rel.bss
 *(.rel.bss)

.rela.bss
 *(.rela.bss)

.rel.plt
 *(.rel.plt)

.rela.plt
 *(.rela.plt)

.text           0x00000000     0x35f6
 *(.vectors)
 .vectors       0x00000000       0x8c C:/Program Files (x86)/Atmel/Studio/7.0/Packs/atmel/ATmega_DFP/1.3.300/gcc/dev/atmega128/avr51/crtatmega128.o
                0x00000000                __vector_default
                0x00000000                __vectors
 *(.vectors)
 *(.progmem.gcc*)
                0x0000008c                . = ALIGN (0x2)
                0x0000008c                __trampolines_start = .
 *(.trampolines)
 .trampolines   0x0000008c        0x0 linker stubs
 *(.trampolines*)
                0x0000008c                __trampolines_end = .
 *libprintf_flt.a:*(.progmem.data)
 *libc.a:*(.progmem.data)
 *(.progmem*)
                0x0000008c                . = ALIGN (0x2)
 *(.jumptables)
 *(.jumptables*)
 *(.lowtext)
 *(.lowtext*)
                0x0000008c                __ctors_start = .
 *(.ctors)
                0x0000008c                __ctors_end = .
                0x0000008c                __dtors_start = .
 *(.dtors)
                0x0000008c                __dtors_end = .
 SORT(*)(.ctors)
 SORT(*)(.dtors)
 *(.init0)
 .init0         0x0000008c        0x0 C:/Program Files (x86)/Atmel/Studio/7.0/Packs/atmel/ATmega_DFP/1.3.300/gcc/dev/atmega128/avr51/crtatmega128.o
                0x0000008c                __init
 *(.init0)
 *(.init1)
 *(.init1)
 *(.init2)
 .init2         0x0000008c        0xc C:/Program Files (x86)/Atmel/Studio/7.0/Packs/atmel/ATmega_DFP/1.3.300/gcc/dev/atmega128/avr51/crtatmega128.o
 *(.init2)
 *(.init3)
 *(.init3)
 *(.init4)
 .init4         0x00000098       0x1a c:/program files (x86)/atmel/studio/7.0/toolchain/avr8/avr8-gnu-toolchain/bin/../lib/gcc/avr/5.4.0/avr51\libgcc.a(_copy_data.o)
                0x00000098                __do_copy_data
 .init4         0x000000b2       0x10 c:/program files (x86)/atmel/studio/7.0/toolchain/avr8/avr8-gnu-toolchain/bin/../lib/gcc/avr/5.4.0/avr51\libgcc.a(_clear_bss.o)
                0x000000b2                __do_clear_bss
 *(.init4)
 *(.init5)
 *(.init5)
 *(.init6)
 *(.init6)
 *(.init7)
 *(.init7)
 *(.init8)
 *(.init8)
 *(.init9)
 .init9         0x000000c2        0x6 C:/Program Files (x86)/Atmel/Studio/7.0/Packs/atmel/ATmega_DFP/1.3.300/gcc/dev/atmega128/avr51/crtatmega128.o
 *(.init9)
 *(.text)
 .text          0x000000c8        0x2 C:/Program Files (x86)/Atmel/Studio/7.0/Packs/atmel/ATmega_DFP/1.3.300/gcc/dev/atmega128/avr51/crtatmega128.o
                0x000000c8                __vector_22
                0x000000c8                __vector_28
                0x000000c8                __vector_32
                0x000000c8                __vector_34
                0x000000c8                __vector_24
                0x000000c8                __bad_interrupt
                0x000000c8                __vector_6
                0x000000c8                __vector_31
                0x000000c8                __vector_23
                0x000000c8                __vector_25
                0x000000c8                __vector_11
                0x000000c8                __vector_13
                0x000000c8                __vector_17
                0x000000c8                __vector_19
                0x000000c8                __vector_7
                0x000000c8                __vector_27
                0x000000c8                __vector_5
                0x000000c8                __vector_33
                0x000000c8                __vector_9
                0x000000c8                __vector_21
                0x000000c8                __vector_15
                0x000000c8                __vector_8
                0x000000c8                __vector_26
                0x000000c8                __vector_14
                0x000000c8                __vector_10
                0x000000c8                __vector_20
                0x000000ca                . = ALIGN (0x2)
 *(.text.*)
 .text.DHT_Monitor
                0x000000ca       0x2c APP/SRC/App.o
                0x000000ca                DHT_Monitor
 .text.System_Init
                0x000000f6       0x30 APP/SRC/App.o
                0x000000f6                System_Init
 .text.main     0x00000126       0xc4 APP/SRC/App.o
                0x00000126                main
 .text.T_Connect
                0x000001ea      0x172 APP/SRC/T_Connect.o
                0x000001ea                T_Connect
 .text.T_Control
                0x0000035c      0x274 APP/SRC/T_Control.o
                0x0000035c                T_Control
 .text.T_Monitor
                0x000005d0      0x22a APP/SRC/T_Monitor.o
                0x000005d0                T_Monitor
 .text.T_RespHandle
                0x000007fa      0x14e APP/SRC/T_RespHandle.o
                0x000007fa                T_RespHandle
 .text.T_Self_Control
                0x00000948      0x1f8 APP/SRC/T_Self_Control.o
                0x00000948                T_Self_Control
 .text.Start_Signal
                0x00000b40       0x22 HAL/SRC/DHT11.o
                0x00000b40                Start_Signal
 .text.Response_Signal
                0x00000b62       0x10 HAL/SRC/DHT11.o
                0x00000b62                Response_Signal
 .text.Receive_data
                0x00000b72       0x58 HAL/SRC/DHT11.o
                0x00000b72                Receive_data
 .text.Fan_On   0x00000bca        0xc HAL/SRC/DHT11.o
                0x00000bca                Fan_On
 .text.Fan_Off  0x00000bd6        0xc HAL/SRC/DHT11.o
                0x00000bd6                Fan_Off
 .text.Fan_Init
                0x00000be2        0xe HAL/SRC/DHT11.o
                0x00000be2                Fan_Init
 .text.Dim_LED_Brightness
                0x00000bf0        0xe HAL/SRC/Dim_LED.o
                0x00000bf0                Dim_LED_Brightness
 .text.Dim_LED_Init
                0x00000bfe        0xc HAL/SRC/Dim_LED.o
                0x00000bfe                Dim_LED_Init
 .text.Dim_LED_Stop
                0x00000c0a       0x14 HAL/SRC/Dim_LED.o
                0x00000c0a                Dim_LED_Stop
 .text.LCD_SendCmd
                0x00000c1e       0x68 HAL/SRC/LCD4bit.o
 .text.LCD_SendData
                0x00000c86       0x68 HAL/SRC/LCD4bit.o
 .text.LCD_Init
                0x00000cee       0x40 HAL/SRC/LCD4bit.o
                0x00000cee                LCD_Init
 .text.LCD_DispChar
                0x00000d2e        0x4 HAL/SRC/LCD4bit.o
                0x00000d2e                LCD_DispChar
 .text.LCD_DispStr
                0x00000d32       0x42 HAL/SRC/LCD4bit.o
                0x00000d32                LCD_DispStr
 .text.LCD_DispStrXY
                0x00000d74       0x22 HAL/SRC/LCD4bit.o
                0x00000d74                LCD_DispStrXY
 .text.LDR_Init
                0x00000d96        0x4 HAL/SRC/LDR.o
                0x00000d96                LDR_Init
 .text.LDR_Val  0x00000d9a       0x3a HAL/SRC/LDR.o
                0x00000d9a                LDR_Val
 .text.Soil_Moisture_Init
                0x00000dd4        0x4 HAL/SRC/SOIL_MOISTURE.o
                0x00000dd4                Soil_Moisture_Init
 .text.Soil_Moisture_Read
                0x00000dd8       0x3a HAL/SRC/SOIL_MOISTURE.o
                0x00000dd8                Soil_Moisture_Read
 .text.Water_Pump_ON
                0x00000e12        0x4 HAL/SRC/SOIL_MOISTURE.o
                0x00000e12                Water_Pump_ON
 .text.Water_Pump_OFF
                0x00000e16        0x4 HAL/SRC/SOIL_MOISTURE.o
                0x00000e16                Water_Pump_OFF
 .text.Water_Pump_Init
                0x00000e1a        0x6 HAL/SRC/SOIL_MOISTURE.o
                0x00000e1a                Water_Pump_Init
 .text.Wifi_Init
                0x00000e20       0x4e HAL/SRC/Wifi.o
                0x00000e20                Wifi_Init
 .text.Wifi_EchoMode
                0x00000e6e       0x1c HAL/SRC/Wifi.o
                0x00000e6e                Wifi_EchoMode
 .text.Wifi_AP_Connect
                0x00000e8a       0x6a HAL/SRC/Wifi.o
                0x00000e8a                Wifi_AP_Connect
 .text.Wifi_ConnectionMode
                0x00000ef4       0x1e HAL/SRC/Wifi.o
                0x00000ef4                Wifi_ConnectionMode
 .text.Wifi_StartTCP_Conn
                0x00000f12       0x6a HAL/SRC/Wifi.o
                0x00000f12                Wifi_StartTCP_Conn
 .text.Wifi_Sendex_Command
                0x00000f7c       0x7a HAL/SRC/Wifi.o
                0x00000f7c                Wifi_Sendex_Command
 .text.ADC_INIT
                0x00000ff6       0x12 MCAL/SRC/ADC.o
                0x00000ff6                ADC_INIT
 .text.ADC_Read
                0x00001008       0x16 MCAL/SRC/ADC.o
                0x00001008                ADC_Read
 .text.__vector_1
                0x0000101e       0x56 MCAL/SRC/EXT_INTERRUPT.o
                0x0000101e                __vector_1
 .text.__vector_2
                0x00001074       0x56 MCAL/SRC/EXT_INTERRUPT.o
                0x00001074                __vector_2
 .text.__vector_3
                0x000010ca       0x56 MCAL/SRC/EXT_INTERRUPT.o
                0x000010ca                __vector_3
 .text.__vector_4
                0x00001120       0x56 MCAL/SRC/EXT_INTERRUPT.o
                0x00001120                __vector_4
 .text.Timer0_Start
                0x00001176       0x14 MCAL/SRC/timer.o
                0x00001176                Timer0_Start
 .text.Timer0_Stop
                0x0000118a       0x14 MCAL/SRC/timer.o
                0x0000118a                Timer0_Stop
 .text.Timer0_Init
                0x0000119e       0x74 MCAL/SRC/timer.o
                0x0000119e                Timer0_Init
 .text.Timer0_ResetCounters
                0x00001212       0x14 MCAL/SRC/timer.o
                0x00001212                Timer0_ResetCounters
 .text.Timer0_SetNotification
                0x00001226       0x68 MCAL/SRC/timer.o
                0x00001226                Timer0_SetNotification
 .text.__vector_16
                0x0000128e       0xd2 MCAL/SRC/timer.o
                0x0000128e                __vector_16
 .text.Timer3_Start
                0x00001360       0x18 MCAL/SRC/timer3.o
                0x00001360                Timer3_Start
 .text.Timer3_Stop
                0x00001378       0x18 MCAL/SRC/timer3.o
                0x00001378                Timer3_Stop
 .text.Timer3_Init
                0x00001390       0x9a MCAL/SRC/timer3.o
                0x00001390                Timer3_Init
 .text.Timer3_SetDuty
                0x0000142a       0x22 MCAL/SRC/timer3.o
                0x0000142a                Timer3_SetDuty
 .text.__vector_29
                0x0000144c       0xd2 MCAL/SRC/timer3.o
                0x0000144c                __vector_29
 .text.UART_Init
                0x0000151e       0x88 MCAL/SRC/UART.o
                0x0000151e                UART_Init
 .text.UART_SendByte
                0x000015a6       0x22 MCAL/SRC/UART.o
                0x000015a6                UART_SendByte
 .text.UART_Receive
                0x000015c8       0x26 MCAL/SRC/UART.o
                0x000015c8                UART_Receive
 .text.UART_SendString
                0x000015ee       0x24 MCAL/SRC/UART.o
                0x000015ee                UART_SendString
 .text.UART_RecieveByte_Unblocked
                0x00001612       0x38 MCAL/SRC/UART.o
                0x00001612                UART_RecieveByte_Unblocked
 .text.__vector_18
                0x0000164a       0x56 MCAL/SRC/UART.o
                0x0000164a                __vector_18
 .text.__vector_30
                0x000016a0       0x56 MCAL/SRC/UART.o
                0x000016a0                __vector_30
 .text.MQTT_Init
                0x000016f6        0xe Service/MQTT/SRC/MQTT.o
                0x000016f6                MQTT_Init
 .text.encodeUTFstr
                0x00001704       0x2c Service/MQTT/SRC/MQTT.o
                0x00001704                encodeUTFstr
 .text.MQTT_connect
                0x00001730       0x5c Service/MQTT/SRC/MQTT.o
                0x00001730                MQTT_connect
 .text.MQTT_subscribe
                0x0000178c       0x66 Service/MQTT/SRC/MQTT.o
                0x0000178c                MQTT_subscribe
 .text.MQTT_publish
                0x000017f2       0xd0 Service/MQTT/SRC/MQTT.o
                0x000017f2                MQTT_publish
 .text.MQTT_Ping
                0x000018c2       0x1c Service/MQTT/SRC/MQTT.o
                0x000018c2                MQTT_Ping
 .text.xEventGroupCreate
                0x000018de       0x22 Service/RTOS/SRC/event_groups.o
                0x000018de                xEventGroupCreate
 .text.xEventGroupWaitBits
                0x00001900      0x108 Service/RTOS/SRC/event_groups.o
                0x00001900                xEventGroupWaitBits
 .text.xEventGroupSetBits
                0x00001a08       0xd8 Service/RTOS/SRC/event_groups.o
                0x00001a08                xEventGroupSetBits
 .text.pvPortMalloc
                0x00001ae0       0x66 Service/RTOS/SRC/heap_1.o
                0x00001ae0                pvPortMalloc
 .text.vPortFree
                0x00001b46        0x2 Service/RTOS/SRC/heap_1.o
                0x00001b46                vPortFree
 .text.vListInitialise
                0x00001b48       0x1c Service/RTOS/SRC/list.o
                0x00001b48                vListInitialise
 .text.vListInitialiseItem
                0x00001b64        0x8 Service/RTOS/SRC/list.o
                0x00001b64                vListInitialiseItem
 .text.vListInsertEnd
                0x00001b6c       0x42 Service/RTOS/SRC/list.o
                0x00001b6c                vListInsertEnd
 .text.vListInsert
                0x00001bae       0x62 Service/RTOS/SRC/list.o
                0x00001bae                vListInsert
 .text.uxListRemove
                0x00001c10       0x4c Service/RTOS/SRC/list.o
                0x00001c10                uxListRemove
 .text.pxPortInitialiseStack
                0x00001c5c       0xd8 Service/RTOS/SRC/port.o
                0x00001c5c                pxPortInitialiseStack
 .text.xPortStartScheduler
                0x00001d34       0x6a Service/RTOS/SRC/port.o
                0x00001d34                xPortStartScheduler
 .text.vPortYield
                0x00001d9e       0xb0 Service/RTOS/SRC/port.o
                0x00001d9e                vPortYield
 .text.vPortYieldFromTick
                0x00001e4e       0xb4 Service/RTOS/SRC/port.o
                0x00001e4e                vPortYieldFromTick
 .text.__vector_12
                0x00001f02        0x4 Service/RTOS/SRC/port.o
                0x00001f02                __vector_12
 .text.prvCopyDataToQueue
                0x00001f06       0x96 Service/RTOS/SRC/queue.o
 .text.prvCopyDataFromQueue
                0x00001f9c       0x34 Service/RTOS/SRC/queue.o
 .text.prvUnlockQueue
                0x00001fd0       0x90 Service/RTOS/SRC/queue.o
 .text.xQueueGenericReset
                0x00002060       0x72 Service/RTOS/SRC/queue.o
                0x00002060                xQueueGenericReset
 .text.xQueueGenericCreate
                0x000020d2       0x54 Service/RTOS/SRC/queue.o
                0x000020d2                xQueueGenericCreate
 .text.xQueueGenericSend
                0x00002126      0x124 Service/RTOS/SRC/queue.o
                0x00002126                xQueueGenericSend
 .text.xQueueGenericReceive
                0x0000224a      0x138 Service/RTOS/SRC/queue.o
                0x0000224a                xQueueGenericReceive
 .text.prvResetNextTaskUnblockTime
                0x00002382       0x3e Service/RTOS/SRC/tasks.o
 .text.prvAddCurrentTaskToDelayedList
                0x000023c0       0x6a Service/RTOS/SRC/tasks.o
 .text.xTaskGenericCreate
                0x0000242a      0x20a Service/RTOS/SRC/tasks.o
                0x0000242a                xTaskGenericCreate
 .text.vTaskStartScheduler
                0x00002634       0x52 Service/RTOS/SRC/tasks.o
                0x00002634                vTaskStartScheduler
 .text.vTaskSuspendAll
                0x00002686        0xc Service/RTOS/SRC/tasks.o
                0x00002686                vTaskSuspendAll
 .text.xTaskIncrementTick
                0x00002692      0x172 Service/RTOS/SRC/tasks.o
                0x00002692                xTaskIncrementTick
 .text.xTaskResumeAll
                0x00002804       0xfa Service/RTOS/SRC/tasks.o
                0x00002804                xTaskResumeAll
 .text.vTaskDelay
                0x000028fe       0x36 Service/RTOS/SRC/tasks.o
                0x000028fe                vTaskDelay
 .text.prvIdleTask
                0x00002934       0x6e Service/RTOS/SRC/tasks.o
 .text.vTaskSwitchContext
                0x000029a2       0xda Service/RTOS/SRC/tasks.o
                0x000029a2                vTaskSwitchContext
 .text.vTaskPlaceOnEventList
                0x00002a7c       0x34 Service/RTOS/SRC/tasks.o
                0x00002a7c                vTaskPlaceOnEventList
 .text.vTaskPlaceOnUnorderedEventList
                0x00002ab0       0x42 Service/RTOS/SRC/tasks.o
                0x00002ab0                vTaskPlaceOnUnorderedEventList
 .text.xTaskRemoveFromEventList
                0x00002af2       0x88 Service/RTOS/SRC/tasks.o
                0x00002af2                xTaskRemoveFromEventList
 .text.xTaskRemoveFromUnorderedEventList
                0x00002b7a       0x70 Service/RTOS/SRC/tasks.o
                0x00002b7a                xTaskRemoveFromUnorderedEventList
 .text.vTaskSetTimeOutState
                0x00002bea       0x16 Service/RTOS/SRC/tasks.o
                0x00002bea                vTaskSetTimeOutState
 .text.xTaskCheckForTimeOut
                0x00002c00       0x62 Service/RTOS/SRC/tasks.o
                0x00002c00                xTaskCheckForTimeOut
 .text.vTaskMissedYield
                0x00002c62        0x8 Service/RTOS/SRC/tasks.o
                0x00002c62                vTaskMissedYield
 .text.uxTaskResetEventItemValue
                0x00002c6a       0x2e Service/RTOS/SRC/tasks.o
                0x00002c6a                uxTaskResetEventItemValue
 .text.avr-libc.fplib
                0x00002c98        0x4 c:/program files (x86)/atmel/studio/7.0/toolchain/avr8/avr8-gnu-toolchain/bin/../lib/gcc/avr/5.4.0/../../../../avr/lib/avr51\libm.a(divsf3.o)
                0x00002c98                __divsf3
 .text.avr-libc.fplib
                0x00002c9c       0xcc c:/program files (x86)/atmel/studio/7.0/toolchain/avr8/avr8-gnu-toolchain/bin/../lib/gcc/avr/5.4.0/../../../../avr/lib/avr51\libm.a(divsf3x.o)
                0x00002cb2                __divsf3x
                0x00002cb6                __divsf3_pse
 .text.avr-libc.fplib
                0x00002d68       0x58 c:/program files (x86)/atmel/studio/7.0/toolchain/avr8/avr8-gnu-toolchain/bin/../lib/gcc/avr/5.4.0/../../../../avr/lib/avr51\libm.a(fixunssfsi.o)
                0x00002d68                __fixunssfsi
 .text.avr-libc.fplib
                0x00002dc0       0x7a c:/program files (x86)/atmel/studio/7.0/toolchain/avr8/avr8-gnu-toolchain/bin/../lib/gcc/avr/5.4.0/../../../../avr/lib/avr51\libm.a(floatsisf.o)
                0x00002dc0                __floatunsisf
                0x00002dc4                __floatsisf
 .text.avr-libc.fplib
                0x00002e3a        0xc c:/program files (x86)/atmel/studio/7.0/toolchain/avr8/avr8-gnu-toolchain/bin/../lib/gcc/avr/5.4.0/../../../../avr/lib/avr51\libm.a(fp_inf.o)
                0x00002e3a                __fp_inf
 .text.avr-libc.fplib
                0x00002e46        0x6 c:/program files (x86)/atmel/studio/7.0/toolchain/avr8/avr8-gnu-toolchain/bin/../lib/gcc/avr/5.4.0/../../../../avr/lib/avr51\libm.a(fp_nan.o)
                0x00002e46                __fp_nan
 .text.avr-libc.fplib
                0x00002e4c        0xe c:/program files (x86)/atmel/studio/7.0/toolchain/avr8/avr8-gnu-toolchain/bin/../lib/gcc/avr/5.4.0/../../../../avr/lib/avr51\libm.a(fp_pscA.o)
                0x00002e4c                __fp_pscA
 .text.avr-libc.fplib
                0x00002e5a        0xe c:/program files (x86)/atmel/studio/7.0/toolchain/avr8/avr8-gnu-toolchain/bin/../lib/gcc/avr/5.4.0/../../../../avr/lib/avr51\libm.a(fp_pscB.o)
                0x00002e5a                __fp_pscB
 .text.avr-libc.fplib
                0x00002e68       0x22 c:/program files (x86)/atmel/studio/7.0/toolchain/avr8/avr8-gnu-toolchain/bin/../lib/gcc/avr/5.4.0/../../../../avr/lib/avr51\libm.a(fp_round.o)
                0x00002e68                __fp_round
 .text.avr-libc.fplib
                0x00002e8a       0x44 c:/program files (x86)/atmel/studio/7.0/toolchain/avr8/avr8-gnu-toolchain/bin/../lib/gcc/avr/5.4.0/../../../../avr/lib/avr51\libm.a(fp_split3.o)
                0x00002e8a                __fp_split3
                0x00002e9a                __fp_splitA
 .text.avr-libc.fplib
                0x00002ece        0xe c:/program files (x86)/atmel/studio/7.0/toolchain/avr8/avr8-gnu-toolchain/bin/../lib/gcc/avr/5.4.0/../../../../avr/lib/avr51\libm.a(fp_zero.o)
                0x00002ece                __fp_zero
                0x00002ed0                __fp_szero
 .text.avr-libc.fplib
                0x00002edc        0x4 c:/program files (x86)/atmel/studio/7.0/toolchain/avr8/avr8-gnu-toolchain/bin/../lib/gcc/avr/5.4.0/../../../../avr/lib/avr51\libm.a(mulsf3.o)
                0x00002edc                __mulsf3
 .text.avr-libc.fplib
                0x00002ee0       0xc2 c:/program files (x86)/atmel/studio/7.0/toolchain/avr8/avr8-gnu-toolchain/bin/../lib/gcc/avr/5.4.0/../../../../avr/lib/avr51\libm.a(mulsf3x.o)
                0x00002ef4                __mulsf3x
                0x00002ef8                __mulsf3_pse
 .text.libgcc.div
                0x00002fa2       0x44 c:/program files (x86)/atmel/studio/7.0/toolchain/avr8/avr8-gnu-toolchain/bin/../lib/gcc/avr/5.4.0/avr51\libgcc.a(_udivmodsi4.o)
                0x00002fa2                __udivmodsi4
 .text.libgcc.mul
                0x00002fe6       0x1e c:/program files (x86)/atmel/studio/7.0/toolchain/avr8/avr8-gnu-toolchain/bin/../lib/gcc/avr/5.4.0/avr51\libgcc.a(_umulhisi3.o)
                0x00002fe6                __umulhisi3
 .text.libgcc.mul
                0x00003004       0x14 c:/program files (x86)/atmel/studio/7.0/toolchain/avr8/avr8-gnu-toolchain/bin/../lib/gcc/avr/5.4.0/avr51\libgcc.a(_muluhisi3.o)
                0x00003004                __muluhisi3
 .text.avr-libc
                0x00003018       0x12 c:/program files (x86)/atmel/studio/7.0/toolchain/avr8/avr8-gnu-toolchain/bin/../lib/gcc/avr/5.4.0/../../../../avr/lib/avr51\libc.a(memcpy.o)
                0x00003018                memcpy
 .text.avr-libc
                0x0000302a       0x12 c:/program files (x86)/atmel/studio/7.0/toolchain/avr8/avr8-gnu-toolchain/bin/../lib/gcc/avr/5.4.0/../../../../avr/lib/avr51\libc.a(strcmp.o)
                0x0000302a                strcmp
 .text.avr-libc
                0x0000303c       0x5c c:/program files (x86)/atmel/studio/7.0/toolchain/avr8/avr8-gnu-toolchain/bin/../lib/gcc/avr/5.4.0/../../../../avr/lib/avr51\libc.a(sprintf.o)
                0x0000303c                sprintf
 .text.avr-libc
                0x00003098      0x3fa c:/program files (x86)/atmel/studio/7.0/toolchain/avr8/avr8-gnu-toolchain/bin/../lib/gcc/avr/5.4.0/../../../../avr/lib/avr51\libc.a(vfprintf_std.o)
                0x00003098                vfprintf
 .text.avr-libc
                0x00003492       0x16 c:/program files (x86)/atmel/studio/7.0/toolchain/avr8/avr8-gnu-toolchain/bin/../lib/gcc/avr/5.4.0/../../../../avr/lib/avr51\libc.a(strnlen_P.o)
                0x00003492                strnlen_P
 .text.avr-libc
                0x000034a8       0x16 c:/program files (x86)/atmel/studio/7.0/toolchain/avr8/avr8-gnu-toolchain/bin/../lib/gcc/avr/5.4.0/../../../../avr/lib/avr51\libc.a(strnlen.o)
                0x000034a8                strnlen
 .text.avr-libc
                0x000034be       0x78 c:/program files (x86)/atmel/studio/7.0/toolchain/avr8/avr8-gnu-toolchain/bin/../lib/gcc/avr/5.4.0/../../../../avr/lib/avr51\libc.a(fputc.o)
                0x000034be                fputc
 .text.avr-libc
                0x00003536       0xbc c:/program files (x86)/atmel/studio/7.0/toolchain/avr8/avr8-gnu-toolchain/bin/../lib/gcc/avr/5.4.0/../../../../avr/lib/avr51\libc.a(ultoa_invert.o)
                0x00003536                __ultoa_invert
                0x000035f2                . = ALIGN (0x2)
 *(.fini9)
 .fini9         0x000035f2        0x0 c:/program files (x86)/atmel/studio/7.0/toolchain/avr8/avr8-gnu-toolchain/bin/../lib/gcc/avr/5.4.0/avr51\libgcc.a(_exit.o)
                0x000035f2                _exit
                0x000035f2                exit
 *(.fini9)
 *(.fini8)
 *(.fini8)
 *(.fini7)
 *(.fini7)
 *(.fini6)
 *(.fini6)
 *(.fini5)
 *(.fini5)
 *(.fini4)
 *(.fini4)
 *(.fini3)
 *(.fini3)
 *(.fini2)
 *(.fini2)
 *(.fini1)
 *(.fini1)
 *(.fini0)
 .fini0         0x000035f2        0x4 c:/program files (x86)/atmel/studio/7.0/toolchain/avr8/avr8-gnu-toolchain/bin/../lib/gcc/avr/5.4.0/avr51\libgcc.a(_exit.o)
 *(.fini0)
                0x000035f6                _etext = .

.data           0x00800100      0x24c load address 0x000035f6
                0x00800100                PROVIDE (__data_start, .)
 *(.data)
 *(.data*)
 .data.Wifi_Connecting
                0x00800100        0x1 APP/SRC/T_Connect.o
                0x00800100                Wifi_Connecting
 .data.packetidentifier
                0x00800101        0x2 Service/MQTT/SRC/MQTT.o
                0x00800101                packetidentifier
 .data.xNextTaskUnblockTime
                0x00800103        0x2 Service/RTOS/SRC/tasks.o
 *(.gnu.linkonce.d*)
 *(.rodata)
 *(.rodata*)
 .rodata.str1.1
                0x00800105       0x3a APP/SRC/App.o
 .rodata.str1.1
                0x0080013f       0xa2 APP/SRC/T_Connect.o
 .rodata.str1.1
                0x008001e1       0x6c APP/SRC/T_Control.o
 .rodata.str1.1
                0x0080024d       0x2a APP/SRC/T_Monitor.o
                                 0x34 (size before relaxing)
 .rodata.str1.1
                0x00800277       0xcb HAL/SRC/Wifi.o
 .rodata.str1.1
                0x00800342       0xcb Service/MQTT/SRC/MQTT.o
                                  0x8 (size before relaxing)
 .rodata.proName
                0x00800342        0x5 Service/MQTT/SRC/MQTT.o
                0x00800342                proName
 .rodata.str1.1
                0x00800347        0x5 Service/RTOS/SRC/tasks.o
 *(.gnu.linkonce.r*)
                0x0080040e                . = ALIGN (0x2)
                0x0080040e                _edata = .
                0x0080040e                PROVIDE (__data_end, .)

.bss            0x0080034c      0x6bf
                0x0080034c                PROVIDE (__bss_start, .)
 *(.bss)
 *(.bss*)
 .bss.CheckSum  0x0080034c        0x1 APP/SRC/App.o
                0x0080034c                CheckSum
 .bss.D_Temp    0x0080034d        0x1 APP/SRC/App.o
                0x0080034d                D_Temp
 .bss.I_Temp    0x0080034e        0x1 APP/SRC/App.o
                0x0080034e                I_Temp
 .bss.D_H       0x0080034f        0x1 APP/SRC/App.o
                0x0080034f                D_H
 .bss.I_H       0x00800350        0x1 APP/SRC/App.o
                0x00800350                I_H
 .bss.cmdPacket
                0x00800351       0x1e APP/SRC/T_Control.o
 .bss.SELF_CONTROL
                0x0080036f        0x1 APP/SRC/T_Control.o
                0x0080036f                SELF_CONTROL
 .bss.Soil_data
                0x00800370        0x2 APP/SRC/T_Monitor.o
                0x00800370                Soil_data
 .bss.light     0x00800372        0x2 APP/SRC/T_Monitor.o
                0x00800372                light
 .bss.recpacket
                0x00800374       0x1e APP/SRC/T_RespHandle.o
 .bss.data_byte
                0x00800392        0x1 HAL/SRC/DHT11.o
                0x00800392                data_byte
 .bss.notifiertime
                0x00800393        0x4 MCAL/SRC/timer.o
 .bss.CalcOverFlows
                0x00800397        0x4 MCAL/SRC/timer.o
 .bss.OverFlows
                0x0080039b        0x4 MCAL/SRC/timer.o
 .bss.notifiertime
                0x0080039f        0x4 MCAL/SRC/timer3.o
 .bss.CalcOverFlows
                0x008003a3        0x4 MCAL/SRC/timer3.o
 .bss.OverFlows
                0x008003a7        0x4 MCAL/SRC/timer3.o
 .bss.pucAlignedHeap.1981
                0x008003ab        0x2 Service/RTOS/SRC/heap_1.o
 .bss.xNextFreeByte
                0x008003ad        0x2 Service/RTOS/SRC/heap_1.o
 .bss.ucHeap    0x008003af      0x5dc Service/RTOS/SRC/heap_1.o
 .bss.uxSchedulerSuspended
                0x0080098b        0x1 Service/RTOS/SRC/tasks.o
 .bss.uxTaskNumber
                0x0080098c        0x1 Service/RTOS/SRC/tasks.o
 .bss.xNumOfOverflows
                0x0080098d        0x1 Service/RTOS/SRC/tasks.o
 .bss.xYieldPending
                0x0080098e        0x1 Service/RTOS/SRC/tasks.o
 .bss.uxPendedTicks
                0x0080098f        0x1 Service/RTOS/SRC/tasks.o
 .bss.xSchedulerRunning
                0x00800990        0x1 Service/RTOS/SRC/tasks.o
 .bss.uxTopReadyPriority
                0x00800991        0x1 Service/RTOS/SRC/tasks.o
 .bss.xTickCount
                0x00800992        0x2 Service/RTOS/SRC/tasks.o
 .bss.uxCurrentNumberOfTasks
                0x00800994        0x1 Service/RTOS/SRC/tasks.o
 .bss.uxTasksDeleted
                0x00800995        0x1 Service/RTOS/SRC/tasks.o
 .bss.xTasksWaitingTermination
                0x00800996        0x9 Service/RTOS/SRC/tasks.o
 .bss.xPendingReadyList
                0x0080099f        0x9 Service/RTOS/SRC/tasks.o
 .bss.pxOverflowDelayedTaskList
                0x008009a8        0x2 Service/RTOS/SRC/tasks.o
 .bss.pxDelayedTaskList
                0x008009aa        0x2 Service/RTOS/SRC/tasks.o
 .bss.xDelayedTaskList2
                0x008009ac        0x9 Service/RTOS/SRC/tasks.o
 .bss.xDelayedTaskList1
                0x008009b5        0x9 Service/RTOS/SRC/tasks.o
 .bss.pxReadyTasksLists
                0x008009be       0x36 Service/RTOS/SRC/tasks.o
 .bss.pxCurrentTCB
                0x008009f4        0x2 Service/RTOS/SRC/tasks.o
                0x008009f4                pxCurrentTCB
 *(COMMON)
 COMMON         0x008009f6        0xa APP/SRC/App.o
                0x008009f6                ebValuesMQTT
                0x008009f8                mqControl
                0x008009fa                egMQTT
                0x008009fc                DHTreadings
                0x008009fe                bsConnect
 COMMON         0x00800a00        0x1 APP/SRC/T_Connect.o
                0x00800a00                system_up
 COMMON         0x00800a01        0x8 MCAL/SRC/EXT_INTERRUPT.o
                0x00800a01                ptr_CallList
 COMMON         0x00800a09        0x2 MCAL/SRC/timer.o
                0x00800a09                notifier
                0x00800a0b                PROVIDE (__bss_end, .)
                0x000035f6                __data_load_start = LOADADDR (.data)
                0x00003842                __data_load_end = (__data_load_start + SIZEOF (.data))

.noinit         0x00800a0b        0x0
                [!provide]                PROVIDE (__noinit_start, .)
 *(.noinit*)
                [!provide]                PROVIDE (__noinit_end, .)
                0x00800a0b                _end = .
                [!provide]                PROVIDE (__heap_start, .)

.eeprom         0x00810000        0x0
 *(.eeprom*)
                0x00810000                __eeprom_end = .

.fuse
 *(.fuse)
 *(.lfuse)
 *(.hfuse)
 *(.efuse)

.lock
 *(.lock*)

.signature
 *(.signature*)

.user_signatures
 *(.user_signatures*)

.stab
 *(.stab)

.stabstr
 *(.stabstr)

.stab.excl
 *(.stab.excl)

.stab.exclstr
 *(.stab.exclstr)

.stab.index
 *(.stab.index)

.stab.indexstr
 *(.stab.indexstr)

.comment        0x00000000       0x5c
 *(.comment)
 .comment       0x00000000       0x30 APP/SRC/App.o
                                 0x31 (size before relaxing)
 .comment       0x00000030       0x31 APP/SRC/T_Connect.o
 .comment       0x00000030       0x31 APP/SRC/T_Control.o
 .comment       0x00000030       0x31 APP/SRC/T_Monitor.o
 .comment       0x00000030       0x31 APP/SRC/T_RespHandle.o
 .comment       0x00000030       0x31 APP/SRC/T_Self_Control.o
 .comment       0x00000030       0x31 HAL/SRC/DHT11.o
 .comment       0x00000030       0x31 HAL/SRC/Dim_LED.o
 .comment       0x00000030       0x31 HAL/SRC/LCD4bit.o
 .comment       0x00000030       0x31 HAL/SRC/LDR.o
 .comment       0x00000030       0x31 HAL/SRC/SOIL_MOISTURE.o
 .comment       0x00000030       0x31 HAL/SRC/Wifi.o
 .comment       0x00000030       0x31 MCAL/SRC/ADC.o
 .comment       0x00000030       0x31 MCAL/SRC/EXT_INTERRUPT.o
 .comment       0x00000030       0x31 MCAL/SRC/timer.o
 .comment       0x00000030       0x31 MCAL/SRC/timer3.o
 .comment       0x00000030       0x31 MCAL/SRC/UART.o
 .comment       0x00000030       0x31 Service/MQTT/SRC/MQTT.o
 .comment       0x00000030       0x31 Service/RTOS/SRC/event_groups.o
 .comment       0x00000030       0x31 Service/RTOS/SRC/heap_1.o
 .comment       0x00000030       0x31 Service/RTOS/SRC/list.o
 .comment       0x00000030       0x31 Service/RTOS/SRC/port.o
 .comment       0x00000030       0x31 Service/RTOS/SRC/queue.o
 .comment       0x00000030       0x31 Service/RTOS/SRC/tasks.o
 .comment       0x00000030       0x31 c:/program files (x86)/atmel/studio/7.0/toolchain/avr8/avr8-gnu-toolchain/bin/../lib/gcc/avr/5.4.0/../../../../avr/lib/avr51\libc.a(sprintf.o)
 .comment       0x00000030       0x2c c:/program files (x86)/atmel/studio/7.0/toolchain/avr8/avr8-gnu-toolchain/bin/../lib/gcc/avr/5.4.0/../../../../avr/lib/avr51\libc.a(vfprintf_std.o)
                                 0x2d (size before relaxing)
 .comment       0x0000005c       0x31 c:/program files (x86)/atmel/studio/7.0/toolchain/avr8/avr8-gnu-toolchain/bin/../lib/gcc/avr/5.4.0/../../../../avr/lib/avr51\libc.a(fputc.o)

.note.gnu.avr.deviceinfo
                0x00000000       0x3c
 .note.gnu.avr.deviceinfo
                0x00000000       0x3c C:/Program Files (x86)/Atmel/Studio/7.0/Packs/atmel/ATmega_DFP/1.3.300/gcc/dev/atmega128/avr51/crtatmega128.o

.note.gnu.build-id
 *(.note.gnu.build-id)

.debug
 *(.debug)

.line
 *(.line)

.debug_srcinfo
 *(.debug_srcinfo)

.debug_sfnames
 *(.debug_sfnames)

.debug_aranges  0x00000000      0x740
 *(.debug_aranges)
 .debug_aranges
                0x00000000       0x30 APP/SRC/App.o
 .debug_aranges
                0x00000030       0x20 APP/SRC/T_Connect.o
 .debug_aranges
                0x00000050       0x20 APP/SRC/T_Control.o
 .debug_aranges
                0x00000070       0x20 APP/SRC/T_Monitor.o
 .debug_aranges
                0x00000090       0x20 APP/SRC/T_RespHandle.o
 .debug_aranges
                0x000000b0       0x20 APP/SRC/T_Self_Control.o
 .debug_aranges
                0x000000d0       0x48 HAL/SRC/DHT11.o
 .debug_aranges
                0x00000118       0x30 HAL/SRC/Dim_LED.o
 .debug_aranges
                0x00000148       0x60 HAL/SRC/LCD4bit.o
 .debug_aranges
                0x000001a8       0x28 HAL/SRC/LDR.o
 .debug_aranges
                0x000001d0       0x40 HAL/SRC/SOIL_MOISTURE.o
 .debug_aranges
                0x00000210       0x70 HAL/SRC/Wifi.o
 .debug_aranges
                0x00000280       0x30 MCAL/SRC/ADC.o
 .debug_aranges
                0x000002b0       0x58 MCAL/SRC/EXT_INTERRUPT.o
 .debug_aranges
                0x00000308       0x70 MCAL/SRC/timer.o
 .debug_aranges
                0x00000378       0x70 MCAL/SRC/timer3.o
 .debug_aranges
                0x000003e8       0x58 MCAL/SRC/UART.o
 .debug_aranges
                0x00000440       0x48 Service/MQTT/SRC/MQTT.o
 .debug_aranges
                0x00000488       0x60 Service/RTOS/SRC/event_groups.o
 .debug_aranges
                0x000004e8       0x38 Service/RTOS/SRC/heap_1.o
 .debug_aranges
                0x00000520       0x40 Service/RTOS/SRC/list.o
 .debug_aranges
                0x00000560       0x48 Service/RTOS/SRC/port.o
 .debug_aranges
                0x000005a8       0xc0 Service/RTOS/SRC/queue.o
 .debug_aranges
                0x00000668       0xd8 Service/RTOS/SRC/tasks.o

.debug_pubnames
 *(.debug_pubnames)

.debug_info     0x00000000     0x866a
 *(.debug_info .gnu.linkonce.wi.*)
 .debug_info    0x00000000      0x780 C:/Program Files (x86)/Atmel/Studio/7.0/Packs/atmel/ATmega_DFP/1.3.300/gcc/dev/atmega128/avr51/crtatmega128.o
 .debug_info    0x00000780      0x66d APP/SRC/App.o
 .debug_info    0x00000ded      0x5ad APP/SRC/T_Connect.o
 .debug_info    0x0000139a      0x5a4 APP/SRC/T_Control.o
 .debug_info    0x0000193e      0x55b APP/SRC/T_Monitor.o
 .debug_info    0x00001e99      0x30b APP/SRC/T_RespHandle.o
 .debug_info    0x000021a4      0x3dd APP/SRC/T_Self_Control.o
 .debug_info    0x00002581      0x284 HAL/SRC/DHT11.o
 .debug_info    0x00002805      0x1fd HAL/SRC/Dim_LED.o
 .debug_info    0x00002a02      0x845 HAL/SRC/LCD4bit.o
 .debug_info    0x00003247      0x143 HAL/SRC/LDR.o
 .debug_info    0x0000338a      0x1a9 HAL/SRC/SOIL_MOISTURE.o
 .debug_info    0x00003533      0x8a5 HAL/SRC/Wifi.o
 .debug_info    0x00003dd8      0x26a MCAL/SRC/ADC.o
 .debug_info    0x00004042      0x24f MCAL/SRC/EXT_INTERRUPT.o
 .debug_info    0x00004291      0x2c0 MCAL/SRC/timer.o
 .debug_info    0x00004551      0x2cb MCAL/SRC/timer3.o
 .debug_info    0x0000481c      0x2e7 MCAL/SRC/UART.o
 .debug_info    0x00004b03      0x6cc Service/MQTT/SRC/MQTT.o
 .debug_info    0x000051cf      0x8ef Service/RTOS/SRC/event_groups.o
 .debug_info    0x00005abe      0x1a4 Service/RTOS/SRC/heap_1.o
 .debug_info    0x00005c62      0x2c6 Service/RTOS/SRC/list.o
 .debug_info    0x00005f28      0x263 Service/RTOS/SRC/port.o
 .debug_info    0x0000618b     0x1216 Service/RTOS/SRC/queue.o
 .debug_info    0x000073a1     0x12c9 Service/RTOS/SRC/tasks.o

.debug_abbrev   0x00000000     0x27bb
 *(.debug_abbrev)
 .debug_abbrev  0x00000000      0x718 C:/Program Files (x86)/Atmel/Studio/7.0/Packs/atmel/ATmega_DFP/1.3.300/gcc/dev/atmega128/avr51/crtatmega128.o
 .debug_abbrev  0x00000718      0x138 APP/SRC/App.o
 .debug_abbrev  0x00000850       0xfd APP/SRC/T_Connect.o
 .debug_abbrev  0x0000094d      0x14c APP/SRC/T_Control.o
 .debug_abbrev  0x00000a99      0x122 APP/SRC/T_Monitor.o
 .debug_abbrev  0x00000bbb      0x10d APP/SRC/T_RespHandle.o
 .debug_abbrev  0x00000cc8      0x10b APP/SRC/T_Self_Control.o
 .debug_abbrev  0x00000dd3      0x173 HAL/SRC/DHT11.o
 .debug_abbrev  0x00000f46      0x125 HAL/SRC/Dim_LED.o
 .debug_abbrev  0x0000106b      0x246 HAL/SRC/LCD4bit.o
 .debug_abbrev  0x000012b1       0xd1 HAL/SRC/LDR.o
 .debug_abbrev  0x00001382       0xe9 HAL/SRC/SOIL_MOISTURE.o
 .debug_abbrev  0x0000146b      0x1f7 HAL/SRC/Wifi.o
 .debug_abbrev  0x00001662      0x12c MCAL/SRC/ADC.o
 .debug_abbrev  0x0000178e       0xd4 MCAL/SRC/EXT_INTERRUPT.o
 .debug_abbrev  0x00001862       0xfd MCAL/SRC/timer.o
 .debug_abbrev  0x0000195f       0xfd MCAL/SRC/timer3.o
 .debug_abbrev  0x00001a5c      0x13f MCAL/SRC/UART.o
 .debug_abbrev  0x00001b9b      0x165 Service/MQTT/SRC/MQTT.o
 .debug_abbrev  0x00001d00      0x205 Service/RTOS/SRC/event_groups.o
 .debug_abbrev  0x00001f05      0x11c Service/RTOS/SRC/heap_1.o
 .debug_abbrev  0x00002021       0xf8 Service/RTOS/SRC/list.o
 .debug_abbrev  0x00002119      0x155 Service/RTOS/SRC/port.o
 .debug_abbrev  0x0000226e      0x260 Service/RTOS/SRC/queue.o
 .debug_abbrev  0x000024ce      0x2ed Service/RTOS/SRC/tasks.o

.debug_line     0x00000000     0x4a34
 *(.debug_line .debug_line.* .debug_line_end)
 .debug_line    0x00000000      0x169 C:/Program Files (x86)/Atmel/Studio/7.0/Packs/atmel/ATmega_DFP/1.3.300/gcc/dev/atmega128/avr51/crtatmega128.o
 .debug_line    0x00000169      0x28f APP/SRC/App.o
 .debug_line    0x000003f8      0x23f APP/SRC/T_Connect.o
 .debug_line    0x00000637      0x33c APP/SRC/T_Control.o
 .debug_line    0x00000973      0x274 APP/SRC/T_Monitor.o
 .debug_line    0x00000be7      0x219 APP/SRC/T_RespHandle.o
 .debug_line    0x00000e00      0x3a1 APP/SRC/T_Self_Control.o
 .debug_line    0x000011a1      0x22c HAL/SRC/DHT11.o
 .debug_line    0x000013cd      0x19b HAL/SRC/Dim_LED.o
 .debug_line    0x00001568      0x3dc HAL/SRC/LCD4bit.o
 .debug_line    0x00001944       0x98 HAL/SRC/LDR.o
 .debug_line    0x000019dc      0x14c HAL/SRC/SOIL_MOISTURE.o
 .debug_line    0x00001b28      0x3db HAL/SRC/Wifi.o
 .debug_line    0x00001f03      0x151 MCAL/SRC/ADC.o
 .debug_line    0x00002054      0x242 MCAL/SRC/EXT_INTERRUPT.o
 .debug_line    0x00002296      0x2d4 MCAL/SRC/timer.o
 .debug_line    0x0000256a      0x2f5 MCAL/SRC/timer3.o
 .debug_line    0x0000285f      0x280 MCAL/SRC/UART.o
 .debug_line    0x00002adf      0x21f Service/MQTT/SRC/MQTT.o
 .debug_line    0x00002cfe      0x3b9 Service/RTOS/SRC/event_groups.o
 .debug_line    0x000030b7      0x1c2 Service/RTOS/SRC/heap_1.o
 .debug_line    0x00003279      0x1ee Service/RTOS/SRC/list.o
 .debug_line    0x00003467      0x2ab Service/RTOS/SRC/port.o
 .debug_line    0x00003712      0x99a Service/RTOS/SRC/queue.o
 .debug_line    0x000040ac      0x988 Service/RTOS/SRC/tasks.o

.debug_frame    0x00000000     0x1448
 *(.debug_frame)
 .debug_frame   0x00000000       0x44 APP/SRC/App.o
 .debug_frame   0x00000044       0x24 APP/SRC/T_Connect.o
 .debug_frame   0x00000068       0x34 APP/SRC/T_Control.o
 .debug_frame   0x0000009c       0x34 APP/SRC/T_Monitor.o
 .debug_frame   0x000000d0       0x34 APP/SRC/T_RespHandle.o
 .debug_frame   0x00000104       0x24 APP/SRC/T_Self_Control.o
 .debug_frame   0x00000128       0x74 HAL/SRC/DHT11.o
 .debug_frame   0x0000019c       0x4c HAL/SRC/Dim_LED.o
 .debug_frame   0x000001e8      0x124 HAL/SRC/LCD4bit.o
 .debug_frame   0x0000030c       0x40 HAL/SRC/LDR.o
 .debug_frame   0x0000034c       0x70 HAL/SRC/SOIL_MOISTURE.o
 .debug_frame   0x000003bc      0x17c HAL/SRC/Wifi.o
 .debug_frame   0x00000538       0x44 MCAL/SRC/ADC.o
 .debug_frame   0x0000057c      0x1b4 MCAL/SRC/EXT_INTERRUPT.o
 .debug_frame   0x00000730      0x158 MCAL/SRC/timer.o
 .debug_frame   0x00000888      0x174 MCAL/SRC/timer3.o
 .debug_frame   0x000009fc      0x13c MCAL/SRC/UART.o
 .debug_frame   0x00000b38       0xc8 Service/MQTT/SRC/MQTT.o
 .debug_frame   0x00000c00      0x158 Service/RTOS/SRC/event_groups.o
 .debug_frame   0x00000d58       0x60 Service/RTOS/SRC/heap_1.o
 .debug_frame   0x00000db8       0x88 Service/RTOS/SRC/list.o
 .debug_frame   0x00000e40       0x74 Service/RTOS/SRC/port.o
 .debug_frame   0x00000eb4      0x2b4 Service/RTOS/SRC/queue.o
 .debug_frame   0x00001168      0x2e0 Service/RTOS/SRC/tasks.o

.debug_str      0x00000000     0x20ed
 *(.debug_str)
 .debug_str     0x00000000      0x27d C:/Program Files (x86)/Atmel/Studio/7.0/Packs/atmel/ATmega_DFP/1.3.300/gcc/dev/atmega128/avr51/crtatmega128.o
 .debug_str     0x0000027d      0x3e4 APP/SRC/App.o
                                0x428 (size before relaxing)
 .debug_str     0x00000661      0x10b APP/SRC/T_Connect.o
                                0x39a (size before relaxing)
 .debug_str     0x0000076c       0xad APP/SRC/T_Control.o
                                0x30f (size before relaxing)
 .debug_str     0x00000819       0xa3 APP/SRC/T_Monitor.o
                                0x38b (size before relaxing)
 .debug_str     0x000008bc       0xc2 APP/SRC/T_RespHandle.o
                                0x342 (size before relaxing)
 .debug_str     0x0000097e       0x2b APP/SRC/T_Self_Control.o
                                0x2be (size before relaxing)
 .debug_str     0x000009a9       0x70 HAL/SRC/DHT11.o
                                0x2b0 (size before relaxing)
 .debug_str     0x00000a19       0x49 HAL/SRC/Dim_LED.o
                                0x2b8 (size before relaxing)
 .debug_str     0x00000a62       0xaa HAL/SRC/LCD4bit.o
                                0x341 (size before relaxing)
 .debug_str     0x00000b0c       0x77 HAL/SRC/LDR.o
                                0x283 (size before relaxing)
 .debug_str     0x00000b83       0x2d HAL/SRC/SOIL_MOISTURE.o
                                0x2dc (size before relaxing)
 .debug_str     0x00000bb0      0x1f4 HAL/SRC/Wifi.o
                                0x534 (size before relaxing)
 .debug_str     0x00000da4       0xbe MCAL/SRC/ADC.o
                                0x2e9 (size before relaxing)
 .debug_str     0x00000e62      0x131 MCAL/SRC/EXT_INTERRUPT.o
                                0x332 (size before relaxing)
 .debug_str     0x00000f93       0xfd MCAL/SRC/timer.o
                                0x328 (size before relaxing)
 .debug_str     0x00001090       0x89 MCAL/SRC/timer3.o
                                0x332 (size before relaxing)
 .debug_str     0x00001119       0x82 MCAL/SRC/UART.o
                                0x327 (size before relaxing)
 .debug_str     0x0000119b       0x69 Service/MQTT/SRC/MQTT.o
                                0x305 (size before relaxing)
 .debug_str     0x00001204      0x3d4 Service/RTOS/SRC/event_groups.o
                                0x5bf (size before relaxing)
 .debug_str     0x000015d8       0x88 Service/RTOS/SRC/heap_1.o
                                0x255 (size before relaxing)
 .debug_str     0x00001660       0x98 Service/RTOS/SRC/list.o
                                0x2db (size before relaxing)
 .debug_str     0x000016f8      0x11d Service/RTOS/SRC/port.o
                                0x2de (size before relaxing)
 .debug_str     0x00001815      0x462 Service/RTOS/SRC/queue.o
                                0x7a6 (size before relaxing)
 .debug_str     0x00001c77      0x476 Service/RTOS/SRC/tasks.o
                                0x975 (size before relaxing)

.debug_loc      0x00000000     0x6624
 *(.debug_loc)
 .debug_loc     0x00000000       0x3a APP/SRC/T_Connect.o
 .debug_loc     0x0000003a      0x1c8 APP/SRC/T_Control.o
 .debug_loc     0x00000202       0x81 APP/SRC/T_Monitor.o
 .debug_loc     0x00000283      0x169 APP/SRC/T_RespHandle.o
 .debug_loc     0x000003ec      0x381 APP/SRC/T_Self_Control.o
 .debug_loc     0x0000076d      0x105 HAL/SRC/DHT11.o
 .debug_loc     0x00000872       0x94 HAL/SRC/Dim_LED.o
 .debug_loc     0x00000906      0x95f HAL/SRC/LCD4bit.o
 .debug_loc     0x00001265       0x65 HAL/SRC/LDR.o
 .debug_loc     0x000012ca       0x65 HAL/SRC/SOIL_MOISTURE.o
 .debug_loc     0x0000132f      0x7e6 HAL/SRC/Wifi.o
 .debug_loc     0x00001b15       0x7d MCAL/SRC/ADC.o
 .debug_loc     0x00001b92      0x43f MCAL/SRC/EXT_INTERRUPT.o
 .debug_loc     0x00001fd1      0x384 MCAL/SRC/timer.o
 .debug_loc     0x00002355      0x3db MCAL/SRC/timer3.o
 .debug_loc     0x00002730      0x468 MCAL/SRC/UART.o
 .debug_loc     0x00002b98      0x352 Service/MQTT/SRC/MQTT.o
 .debug_loc     0x00002eea      0xb40 Service/RTOS/SRC/event_groups.o
 .debug_loc     0x00003a2a       0xf1 Service/RTOS/SRC/heap_1.o
 .debug_loc     0x00003b1b      0x145 Service/RTOS/SRC/list.o
 .debug_loc     0x00003c60      0x2a0 Service/RTOS/SRC/port.o
 .debug_loc     0x00003f00     0x1807 Service/RTOS/SRC/queue.o
 .debug_loc     0x00005707      0xf1d Service/RTOS/SRC/tasks.o

.debug_macinfo
 *(.debug_macinfo)

.debug_weaknames
 *(.debug_weaknames)

.debug_funcnames
 *(.debug_funcnames)

.debug_typenames
 *(.debug_typenames)

.debug_varnames
 *(.debug_varnames)

.debug_pubtypes
 *(.debug_pubtypes)

.debug_ranges   0x00000000      0x6a0
 *(.debug_ranges)
 .debug_ranges  0x00000000       0x20 APP/SRC/App.o
 .debug_ranges  0x00000020       0x10 APP/SRC/T_Connect.o
 .debug_ranges  0x00000030       0x10 APP/SRC/T_Control.o
 .debug_ranges  0x00000040       0x10 APP/SRC/T_Monitor.o
 .debug_ranges  0x00000050       0x10 APP/SRC/T_RespHandle.o
 .debug_ranges  0x00000060       0x78 APP/SRC/T_Self_Control.o
 .debug_ranges  0x000000d8       0x38 HAL/SRC/DHT11.o
 .debug_ranges  0x00000110       0x20 HAL/SRC/Dim_LED.o
 .debug_ranges  0x00000130       0x50 HAL/SRC/LCD4bit.o
 .debug_ranges  0x00000180       0x18 HAL/SRC/LDR.o
 .debug_ranges  0x00000198       0x30 HAL/SRC/SOIL_MOISTURE.o
 .debug_ranges  0x000001c8       0x60 HAL/SRC/Wifi.o
 .debug_ranges  0x00000228       0x20 MCAL/SRC/ADC.o
 .debug_ranges  0x00000248       0x48 MCAL/SRC/EXT_INTERRUPT.o
 .debug_ranges  0x00000290       0x60 MCAL/SRC/timer.o
 .debug_ranges  0x000002f0       0x60 MCAL/SRC/timer3.o
 .debug_ranges  0x00000350       0x48 MCAL/SRC/UART.o
 .debug_ranges  0x00000398       0x38 Service/MQTT/SRC/MQTT.o
 .debug_ranges  0x000003d0       0x68 Service/RTOS/SRC/event_groups.o
 .debug_ranges  0x00000438       0x28 Service/RTOS/SRC/heap_1.o
 .debug_ranges  0x00000460       0x30 Service/RTOS/SRC/list.o
 .debug_ranges  0x00000490       0x38 Service/RTOS/SRC/port.o
 .debug_ranges  0x000004c8       0xb0 Service/RTOS/SRC/queue.o
 .debug_ranges  0x00000578      0x128 Service/RTOS/SRC/tasks.o

.debug_macro
 *(.debug_macro)
OUTPUT(NTI embedded project.elf elf32-avr)
LOAD linker stubs
